app/page.tsx(13,21): error TS7006: Parameter 'user' implicitly has an 'any' type.
lib/db.ts(1,30): error TS2307: Cannot find module '../app/generated/prisma' or its corresponding type declarations.
prisma.config.ts(13,3): error TS2353: Object literal may only specify known properties, and 'engine' does not exist in type 'PrismaConfig'.
